------------------------------------------------------------
Timing Analyzer Summary
------------------------------------------------------------

Type  : Slow 1200mV 100C Model Setup 'DivisorFrecuencia:CLK25|Clock25M'
Slack : -7.565
TNS   : -404.046

Type  : Slow 1200mV 100C Model Setup 'Clock'
Slack : -0.542
TNS   : -0.542

Type  : Slow 1200mV 100C Model Hold 'Clock'
Slack : 0.657
TNS   : 0.000

Type  : Slow 1200mV 100C Model Hold 'DivisorFrecuencia:CLK25|Clock25M'
Slack : 0.984
TNS   : 0.000

Type  : Slow 1200mV 100C Model Minimum Pulse Width 'Clock'
Slack : -3.000
TNS   : -4.285

Type  : Slow 1200mV 100C Model Minimum Pulse Width 'DivisorFrecuencia:CLK25|Clock25M'
Slack : -2.710
TNS   : -157.065

Type  : Slow 1200mV -40C Model Setup 'DivisorFrecuencia:CLK25|Clock25M'
Slack : -6.482
TNS   : -342.700

Type  : Slow 1200mV -40C Model Setup 'Clock'
Slack : -0.405
TNS   : -0.405

Type  : Slow 1200mV -40C Model Hold 'Clock'
Slack : 0.560
TNS   : 0.000

Type  : Slow 1200mV -40C Model Hold 'DivisorFrecuencia:CLK25|Clock25M'
Slack : 0.913
TNS   : 0.000

Type  : Slow 1200mV -40C Model Minimum Pulse Width 'Clock'
Slack : -3.000
TNS   : -4.285

Type  : Slow 1200mV -40C Model Minimum Pulse Width 'DivisorFrecuencia:CLK25|Clock25M'
Slack : -2.649
TNS   : -154.137

Type  : Fast 1200mV -40C Model Setup 'DivisorFrecuencia:CLK25|Clock25M'
Slack : -3.009
TNS   : -149.223

Type  : Fast 1200mV -40C Model Setup 'Clock'
Slack : 0.061
TNS   : 0.000

Type  : Fast 1200mV -40C Model Hold 'Clock'
Slack : 0.251
TNS   : 0.000

Type  : Fast 1200mV -40C Model Hold 'DivisorFrecuencia:CLK25|Clock25M'
Slack : 0.410
TNS   : 0.000

Type  : Fast 1200mV -40C Model Minimum Pulse Width 'Clock'
Slack : -3.000
TNS   : -4.062

Type  : Fast 1200mV -40C Model Minimum Pulse Width 'DivisorFrecuencia:CLK25|Clock25M'
Slack : -1.000
TNS   : -69.000

------------------------------------------------------------
